        Namba Intent                                                        init · 1/10 · ▓▱▱▱▱▱▱▱▱▱ · d details
        ╭──────────────────────────────────────────────────────────────────────────────────────────────────────╮
        │                                                                                                      │
        │  ni> assistant                                                                                       │
        │  먼저 intent를 어떤 언어로 작성할까요?                                                               │
        │  문서와 리뷰 안내에 같은 언어를 사용합니다.                                                          │
        │  아래에서 하나를 고르세요. ·                                                                         │
        │                                                                                                      │
        ╰──────────────────────────────────────────────────────────────────────────────────────────────────────╯






















        ╭──────────────────────────────────────────────────────────────────────────────────────────────────────╮
        │ choose one                                                                                           │
        │ ▸ ◆ Korean                                                                                           │
        │     한국어 사용자에게 자연스러운 planning 안내                                                       │
        │   ◇ English                                                                                          │
        │     English labels, examples, and review guidance                                                    │
        ╰──────────────────────────────────────────────────────────────────────────────────────────────────────╯
        초안만 · 파일 쓰지 않음 · d details
        ↑↓ choose · Enter select · 1/2 quick select · q quit · d details