Namba Intent                 namba-intent init / 언어 선택
╭────────────────────────────────────────────────────╮
│                                                    │
│  Main Panel                                        │
│  NI language gate ◇◆                               │
│  Project Intent 초기화                             │
│                                                    │
│  Step 1/10  ▓▱▱▱▱▱▱▱▱▱                             │
│                                                    │
│  Intent 수집 gate에 사용할 언어를 선택하세요.      │
│  Status: 초안 준비 · Korean                        │
│                                                    │
│  ▸ ◆ Korean                                        │
│    ◇ English                                       │
│                                                    │
│                                                    │
↑↓ Enter 1/2 q  |  scroll: 1/32 ▾ PgDn/End
init은 초안만 작성; 실행 없음.