 Namba Intent      init · 1/10 · [#---------] · Tab details
 ni·· assistant: 먼저 intent를 어떤 언어로 작성할까요? 문…

 ╭────────────────────────────────────────────────────────╮
 │ choose one                                             │
 │ ╭────────────────────────────────────────────────╮     │
 │ │ ▸ ◆ Korean                                     │     │
 │ ╰────────────────────────────────────────────────╯     │
 │ ╭────────────────────────────────────────────────╮     │
 │ │ ◇ English                                      │     │
 │ ╰────────────────────────────────────────────────╯     │
 │ Enter 선택 · 1/2 빠른 선택                             │
 │                                                        │
 ╰────────────────────────────────────────────────────────╯
 초안만 · 파일 쓰지 않음 · Tab details


 ↑↓ choose · Enter select · 1/2 quick select · ^Q quit · T…