 Namba Intent          init · 1/10 · ▓▱▱▱▱▱▱▱▱▱ · d details
 ni> assistant: 먼저 intent를 어떤 언어로 작성할까요? 문서…





 ╭────────────────────────────────────────────────────────╮
 │ choose one                                             │
 │ ▸ ◆ Korean                                             │
 │   ◇ English                                            │
 ╰────────────────────────────────────────────────────────╯
 초안만 · 파일 쓰지 않음 · d details




 ↑↓ choose · Enter select · 1/2 quick select · q quit · d …